// Jest Snapshot v1, https://goo.gl/fbAQLP

exports[`Input component should render component 1`] = `
<DocumentFragment>
  <input
    class="sc-bczRLJ hNfykP"
  />
</DocumentFragment>
`;
