// Jest Snapshot v1, https://goo.gl/fbAQLP

exports[`OfferCard component should render component 1`] = `
<DocumentFragment>
  <div
    class="sc-bczRLJ czKsmx"
  >
    <div
      class="text-info"
    >
      <h6
        class="caption"
      >
        Caption
      </h6>
      <h4
        class="title"
      >
        Title
      </h4>
      <p
        class="description"
      >
        Description
      </p>
    </div>
    <a
      class="sc-dkzDqf iAIAae"
      href="/link"
    >
      <button
        class="sc-gsnTZi eujwRl"
      >
        Link
        <svg
          height="100%"
          viewBox="0 0 36 36"
          width="100%"
          x="0px"
          xmlns="http://www.w3.org/2000/svg"
          y="0px"
        >
          <path
            class="cls-1"
            d="M34,18l-5-4v3H26v2h3v3ZM24,19H20V17h4v2Zm-6,0H14V17h4v2Zm-6,0H8V17h4v2ZM4,16a2,2,0,1,1-2,2A2,2,0,0,1,4,16Z"
            data-name="28"
            fill="currentColor"
          />
        </svg>
      </button>
    </a>
  </div>
</DocumentFragment>
`;
