// Jest Snapshot v1, https://goo.gl/fbAQLP

exports[`Overlaying component should render component 1`] = `<DocumentFragment />`;
