// Jest Snapshot v1, https://goo.gl/fbAQLP

exports[`Portal component should appends the element when the component is mounted 1`] = `<DocumentFragment />`;
