// Jest Snapshot v1, https://goo.gl/fbAQLP

exports[`PromotionCard component should render component 1`] = `
<DocumentFragment>
  <div
    class="sc-gsnTZi kCQKCl"
  >
    <div
      class="card-image"
    >
      <img
        alt="Modern Collection"
        src="https://res2.weblium.site/res/5e2f1da2c947890021c3f194/5e334f7786cda400222d1564_optimized_1396?nowebp"
      />
    </div>
    <h4>
      <span
        class="highlight"
      >
        NEW!Â 
      </span>
      Modern Collection
    </h4>
    <a
      class="sc-bczRLJ jZFBMR"
      href="/promotions"
    >
      Learn more 
      <svg
        height="100%"
        viewBox="0 0 36 36"
        width="100%"
        x="0px"
        xmlns="http://www.w3.org/2000/svg"
        y="0px"
      >
        <path
          class="cls-1"
          d="M34,18l-5-4v3H26v2h3v3ZM24,19H20V17h4v2Zm-6,0H14V17h4v2Zm-6,0H8V17h4v2ZM4,16a2,2,0,1,1-2,2A2,2,0,0,1,4,16Z"
          data-name="28"
          fill="currentColor"
        />
      </svg>
    </a>
  </div>
</DocumentFragment>
`;
