// Jest Snapshot v1, https://goo.gl/fbAQLP

exports[`Section Banner component should render component 1`] = `
<DocumentFragment>
  <div
    class="sc-bczRLJ jWCUBa"
  >
    <div
      class="banner-info"
    >
      <h2>
        <span
          class="highlight"
        >
          Styled textÂ 
        </span>
        Simple text
      </h2>
    </div>
  </div>
</DocumentFragment>
`;

exports[`SectionBanner component should render component 1`] = `
<DocumentFragment>
  <div
    class="sc-bczRLJ jWCUBa"
  >
    <div
      class="banner-info"
    >
      <h2>
        <span
          class="highlight"
        >
          Styled text 
        </span>
        Simple text
      </h2>
    </div>
  </div>
</DocumentFragment>
`;
