// Jest Snapshot v1, https://goo.gl/fbAQLP

exports[`StyledText component should render component 1`] = `
<DocumentFragment>
  <p>
    Text before 
    <span
      class="highlight"
    >
      Highlight text 
    </span>
    Text after
  </p>
</DocumentFragment>
`;
