// Jest Snapshot v1, https://goo.gl/fbAQLP

exports[`Textarea component should render component 1`] = `
<DocumentFragment>
  <textarea
    class="sc-bczRLJ sc-gsnTZi hNfykP hwAoYu"
  />
</DocumentFragment>
`;
